#! /opt/homebrew/Cellar/icarus-verilog/12.0/bin/vvp
:ivl_version "12.0 (stable)";
:ivl_delay_selection "TYPICAL";
:vpi_time_precision - 12;
:vpi_module "/opt/homebrew/Cellar/icarus-verilog/12.0/lib/ivl/system.vpi";
:vpi_module "/opt/homebrew/Cellar/icarus-verilog/12.0/lib/ivl/vhdl_sys.vpi";
:vpi_module "/opt/homebrew/Cellar/icarus-verilog/12.0/lib/ivl/vhdl_textio.vpi";
:vpi_module "/opt/homebrew/Cellar/icarus-verilog/12.0/lib/ivl/v2005_math.vpi";
:vpi_module "/opt/homebrew/Cellar/icarus-verilog/12.0/lib/ivl/va_math.vpi";
S_0x12c8162e0 .scope module, "p_as_tb" "p_as_tb" 2 2;
 .timescale -9 -12;
P_0x6000011ad4c0 .param/l "width" 1 2 3, +C4<00000000000000000000000000010000>;
v0x6000036aeb50_0 .var "a_tb", 15 0;
v0x6000036aebe0_0 .var "b_tb", 15 0;
v0x6000036aec70_0 .var "cin_tb", 0 0;
v0x6000036aed00_0 .net "cout_tb", 0 0, L_0x6000035a1fe0;  1 drivers
v0x6000036aed90_0 .var/i "i", 31 0;
v0x6000036aee20_0 .net "sum_tb", 15 0, L_0x6000035a1e00;  1 drivers
S_0x12c813c50 .scope module, "dut" "p_as" 2 9, 3 2 0, S_0x12c8162e0;
 .timescale -9 -12;
    .port_info 0 /INPUT 16 "a";
    .port_info 1 /INPUT 16 "b";
    .port_info 2 /INPUT 1 "cin";
    .port_info 3 /OUTPUT 16 "sum";
    .port_info 4 /OUTPUT 1 "cout";
P_0x6000011ad540 .param/l "width" 0 3 2, +C4<00000000000000000000000000010000>;
L_0x600002fa9500 .functor BUFZ 1, v0x6000036aec70_0, C4<0>, C4<0>, C4<0>;
L_0x600002fa9570 .functor XOR 16, v0x6000036aebe0_0, L_0x6000035a1f40, C4<0000000000000000>, C4<0000000000000000>;
v0x6000036ae640_0 .net *"_ivl_117", 0 0, L_0x600002fa9500;  1 drivers
v0x6000036ae6d0_0 .net *"_ivl_118", 15 0, L_0x6000035a1f40;  1 drivers
v0x6000036ae760_0 .net "a", 15 0, v0x6000036aeb50_0;  1 drivers
v0x6000036ae7f0_0 .net "b", 15 0, v0x6000036aebe0_0;  1 drivers
v0x6000036ae880_0 .net "b_inverse", 15 0, L_0x600002fa9570;  1 drivers
v0x6000036ae910_0 .net "carry", 16 0, L_0x6000035a1ea0;  1 drivers
v0x6000036ae9a0_0 .net "cin", 0 0, v0x6000036aec70_0;  1 drivers
v0x6000036aea30_0 .net "cout", 0 0, L_0x6000035a1fe0;  alias, 1 drivers
v0x6000036aeac0_0 .net "sum", 15 0, L_0x6000035a1e00;  alias, 1 drivers
L_0x6000035a0000 .part v0x6000036aeb50_0, 0, 1;
L_0x6000035a00a0 .part L_0x600002fa9570, 0, 1;
L_0x6000035a0140 .part L_0x6000035a1ea0, 0, 1;
L_0x6000035a01e0 .part v0x6000036aeb50_0, 1, 1;
L_0x6000035a0280 .part L_0x600002fa9570, 1, 1;
L_0x6000035a0320 .part L_0x6000035a1ea0, 1, 1;
L_0x6000035a03c0 .part v0x6000036aeb50_0, 2, 1;
L_0x6000035a0460 .part L_0x600002fa9570, 2, 1;
L_0x6000035a0500 .part L_0x6000035a1ea0, 2, 1;
L_0x6000035a05a0 .part v0x6000036aeb50_0, 3, 1;
L_0x6000035a0640 .part L_0x600002fa9570, 3, 1;
L_0x6000035a06e0 .part L_0x6000035a1ea0, 3, 1;
L_0x6000035a0780 .part v0x6000036aeb50_0, 4, 1;
L_0x6000035a0820 .part L_0x600002fa9570, 4, 1;
L_0x6000035a08c0 .part L_0x6000035a1ea0, 4, 1;
L_0x6000035a0960 .part v0x6000036aeb50_0, 5, 1;
L_0x6000035a0a00 .part L_0x600002fa9570, 5, 1;
L_0x6000035a0aa0 .part L_0x6000035a1ea0, 5, 1;
L_0x6000035a0b40 .part v0x6000036aeb50_0, 6, 1;
L_0x6000035a0c80 .part L_0x600002fa9570, 6, 1;
L_0x6000035a0d20 .part L_0x6000035a1ea0, 6, 1;
L_0x6000035a0be0 .part v0x6000036aeb50_0, 7, 1;
L_0x6000035a0dc0 .part L_0x600002fa9570, 7, 1;
L_0x6000035a0e60 .part L_0x6000035a1ea0, 7, 1;
L_0x6000035a0f00 .part v0x6000036aeb50_0, 8, 1;
L_0x6000035a0fa0 .part L_0x600002fa9570, 8, 1;
L_0x6000035a1040 .part L_0x6000035a1ea0, 8, 1;
L_0x6000035a10e0 .part v0x6000036aeb50_0, 9, 1;
L_0x6000035a1180 .part L_0x600002fa9570, 9, 1;
L_0x6000035a1220 .part L_0x6000035a1ea0, 9, 1;
L_0x6000035a12c0 .part v0x6000036aeb50_0, 10, 1;
L_0x6000035a1360 .part L_0x600002fa9570, 10, 1;
L_0x6000035a1400 .part L_0x6000035a1ea0, 10, 1;
L_0x6000035a14a0 .part v0x6000036aeb50_0, 11, 1;
L_0x6000035a1540 .part L_0x600002fa9570, 11, 1;
L_0x6000035a15e0 .part L_0x6000035a1ea0, 11, 1;
L_0x6000035a1680 .part v0x6000036aeb50_0, 12, 1;
L_0x6000035a1720 .part L_0x600002fa9570, 12, 1;
L_0x6000035a17c0 .part L_0x6000035a1ea0, 12, 1;
L_0x6000035a1860 .part v0x6000036aeb50_0, 13, 1;
L_0x6000035a1900 .part L_0x600002fa9570, 13, 1;
L_0x6000035a19a0 .part L_0x6000035a1ea0, 13, 1;
L_0x6000035a1a40 .part v0x6000036aeb50_0, 14, 1;
L_0x6000035a1ae0 .part L_0x600002fa9570, 14, 1;
L_0x6000035a1b80 .part L_0x6000035a1ea0, 14, 1;
L_0x6000035a1c20 .part v0x6000036aeb50_0, 15, 1;
L_0x6000035a1cc0 .part L_0x600002fa9570, 15, 1;
L_0x6000035a1d60 .part L_0x6000035a1ea0, 15, 1;
LS_0x6000035a1e00_0_0 .concat8 [ 1 1 1 1], L_0x600002fa6b50, L_0x600002fa6df0, L_0x600002fa7090, L_0x600002fa7330;
LS_0x6000035a1e00_0_4 .concat8 [ 1 1 1 1], L_0x600002fa75d0, L_0x600002fa7870, L_0x600002fa7b10, L_0x600002fa7db0;
LS_0x6000035a1e00_0_8 .concat8 [ 1 1 1 1], L_0x600002fa8070, L_0x600002fa8310, L_0x600002fa85b0, L_0x600002fa8850;
LS_0x6000035a1e00_0_12 .concat8 [ 1 1 1 1], L_0x600002fa8af0, L_0x600002fa8d90, L_0x600002fa9030, L_0x600002fa92d0;
L_0x6000035a1e00 .concat8 [ 4 4 4 4], LS_0x6000035a1e00_0_0, LS_0x6000035a1e00_0_4, LS_0x6000035a1e00_0_8, LS_0x6000035a1e00_0_12;
LS_0x6000035a1ea0_0_0 .concat8 [ 1 1 1 1], L_0x600002fa9500, L_0x600002fa6d10, L_0x600002fa6fb0, L_0x600002fa7250;
LS_0x6000035a1ea0_0_4 .concat8 [ 1 1 1 1], L_0x600002fa74f0, L_0x600002fa7790, L_0x600002fa7a30, L_0x600002fa7cd0;
LS_0x6000035a1ea0_0_8 .concat8 [ 1 1 1 1], L_0x600002fa7f70, L_0x600002fa8230, L_0x600002fa84d0, L_0x600002fa8770;
LS_0x6000035a1ea0_0_12 .concat8 [ 1 1 1 1], L_0x600002fa8a10, L_0x600002fa8cb0, L_0x600002fa8f50, L_0x600002fa91f0;
LS_0x6000035a1ea0_0_16 .concat8 [ 1 0 0 0], L_0x600002fa9490;
LS_0x6000035a1ea0_1_0 .concat8 [ 4 4 4 4], LS_0x6000035a1ea0_0_0, LS_0x6000035a1ea0_0_4, LS_0x6000035a1ea0_0_8, LS_0x6000035a1ea0_0_12;
LS_0x6000035a1ea0_1_4 .concat8 [ 1 0 0 0], LS_0x6000035a1ea0_0_16;
L_0x6000035a1ea0 .concat8 [ 16 1 0 0], LS_0x6000035a1ea0_1_0, LS_0x6000035a1ea0_1_4;
LS_0x6000035a1f40_0_0 .concat [ 1 1 1 1], v0x6000036aec70_0, v0x6000036aec70_0, v0x6000036aec70_0, v0x6000036aec70_0;
LS_0x6000035a1f40_0_4 .concat [ 1 1 1 1], v0x6000036aec70_0, v0x6000036aec70_0, v0x6000036aec70_0, v0x6000036aec70_0;
LS_0x6000035a1f40_0_8 .concat [ 1 1 1 1], v0x6000036aec70_0, v0x6000036aec70_0, v0x6000036aec70_0, v0x6000036aec70_0;
LS_0x6000035a1f40_0_12 .concat [ 1 1 1 1], v0x6000036aec70_0, v0x6000036aec70_0, v0x6000036aec70_0, v0x6000036aec70_0;
L_0x6000035a1f40 .concat [ 4 4 4 4], LS_0x6000035a1f40_0_0, LS_0x6000035a1f40_0_4, LS_0x6000035a1f40_0_8, LS_0x6000035a1f40_0_12;
L_0x6000035a1fe0 .part L_0x6000035a1ea0, 16, 1;
S_0x12c813dc0 .scope generate, "for_loop[0]" "for_loop[0]" 3 17, 3 17 0, S_0x12c813c50;
 .timescale -9 -12;
P_0x6000011ad5c0 .param/l "i" 1 3 17, +C4<00>;
S_0x12c813f30 .scope module, "my_fa" "fa" 3 18, 4 1 0, S_0x12c813dc0;
 .timescale -9 -12;
    .port_info 0 /INPUT 1 "a";
    .port_info 1 /INPUT 1 "b";
    .port_info 2 /INPUT 1 "c";
    .port_info 3 /OUTPUT 1 "sum";
    .port_info 4 /OUTPUT 1 "cout";
L_0x600002fa6ae0 .functor XOR 1, L_0x6000035a0000, L_0x6000035a00a0, C4<0>, C4<0>;
L_0x600002fa6b50 .functor XOR 1, L_0x600002fa6ae0, L_0x6000035a0140, C4<0>, C4<0>;
L_0x600002fa6bc0 .functor AND 1, L_0x6000035a0000, L_0x6000035a00a0, C4<1>, C4<1>;
L_0x600002fa6c30 .functor XOR 1, L_0x6000035a0000, L_0x6000035a00a0, C4<0>, C4<0>;
L_0x600002fa6ca0 .functor AND 1, L_0x6000035a0140, L_0x600002fa6c30, C4<1>, C4<1>;
L_0x600002fa6d10 .functor OR 1, L_0x600002fa6bc0, L_0x600002fa6ca0, C4<0>, C4<0>;
v0x6000036a9050_0 .net *"_ivl_0", 0 0, L_0x600002fa6ae0;  1 drivers
v0x6000036a8a20_0 .net *"_ivl_4", 0 0, L_0x600002fa6bc0;  1 drivers
v0x6000036a83f0_0 .net *"_ivl_6", 0 0, L_0x600002fa6c30;  1 drivers
v0x6000036a9c20_0 .net *"_ivl_8", 0 0, L_0x600002fa6ca0;  1 drivers
v0x6000036a8990_0 .net "a", 0 0, L_0x6000035a0000;  1 drivers
v0x6000036a8360_0 .net "b", 0 0, L_0x6000035a00a0;  1 drivers
v0x6000036aa370_0 .net "c", 0 0, L_0x6000035a0140;  1 drivers
v0x6000036aa400_0 .net "cout", 0 0, L_0x600002fa6d10;  1 drivers
v0x6000036aa490_0 .net "sum", 0 0, L_0x600002fa6b50;  1 drivers
S_0x12c8140a0 .scope generate, "for_loop[1]" "for_loop[1]" 3 17, 3 17 0, S_0x12c813c50;
 .timescale -9 -12;
P_0x6000011ad640 .param/l "i" 1 3 17, +C4<01>;
S_0x12c8130a0 .scope module, "my_fa" "fa" 3 18, 4 1 0, S_0x12c8140a0;
 .timescale -9 -12;
    .port_info 0 /INPUT 1 "a";
    .port_info 1 /INPUT 1 "b";
    .port_info 2 /INPUT 1 "c";
    .port_info 3 /OUTPUT 1 "sum";
    .port_info 4 /OUTPUT 1 "cout";
L_0x600002fa6d80 .functor XOR 1, L_0x6000035a01e0, L_0x6000035a0280, C4<0>, C4<0>;
L_0x600002fa6df0 .functor XOR 1, L_0x600002fa6d80, L_0x6000035a0320, C4<0>, C4<0>;
L_0x600002fa6e60 .functor AND 1, L_0x6000035a01e0, L_0x6000035a0280, C4<1>, C4<1>;
L_0x600002fa6ed0 .functor XOR 1, L_0x6000035a01e0, L_0x6000035a0280, C4<0>, C4<0>;
L_0x600002fa6f40 .functor AND 1, L_0x6000035a0320, L_0x600002fa6ed0, C4<1>, C4<1>;
L_0x600002fa6fb0 .functor OR 1, L_0x600002fa6e60, L_0x600002fa6f40, C4<0>, C4<0>;
v0x6000036aa520_0 .net *"_ivl_0", 0 0, L_0x600002fa6d80;  1 drivers
v0x6000036aa5b0_0 .net *"_ivl_4", 0 0, L_0x600002fa6e60;  1 drivers
v0x6000036aa640_0 .net *"_ivl_6", 0 0, L_0x600002fa6ed0;  1 drivers
v0x6000036aa6d0_0 .net *"_ivl_8", 0 0, L_0x600002fa6f40;  1 drivers
v0x6000036aa760_0 .net "a", 0 0, L_0x6000035a01e0;  1 drivers
v0x6000036aa7f0_0 .net "b", 0 0, L_0x6000035a0280;  1 drivers
v0x6000036aa880_0 .net "c", 0 0, L_0x6000035a0320;  1 drivers
v0x6000036aa910_0 .net "cout", 0 0, L_0x600002fa6fb0;  1 drivers
v0x6000036aa9a0_0 .net "sum", 0 0, L_0x600002fa6df0;  1 drivers
S_0x12c813210 .scope generate, "for_loop[2]" "for_loop[2]" 3 17, 3 17 0, S_0x12c813c50;
 .timescale -9 -12;
P_0x6000011ad6c0 .param/l "i" 1 3 17, +C4<010>;
S_0x12c813380 .scope module, "my_fa" "fa" 3 18, 4 1 0, S_0x12c813210;
 .timescale -9 -12;
    .port_info 0 /INPUT 1 "a";
    .port_info 1 /INPUT 1 "b";
    .port_info 2 /INPUT 1 "c";
    .port_info 3 /OUTPUT 1 "sum";
    .port_info 4 /OUTPUT 1 "cout";
L_0x600002fa7020 .functor XOR 1, L_0x6000035a03c0, L_0x6000035a0460, C4<0>, C4<0>;
L_0x600002fa7090 .functor XOR 1, L_0x600002fa7020, L_0x6000035a0500, C4<0>, C4<0>;
L_0x600002fa7100 .functor AND 1, L_0x6000035a03c0, L_0x6000035a0460, C4<1>, C4<1>;
L_0x600002fa7170 .functor XOR 1, L_0x6000035a03c0, L_0x6000035a0460, C4<0>, C4<0>;
L_0x600002fa71e0 .functor AND 1, L_0x6000035a0500, L_0x600002fa7170, C4<1>, C4<1>;
L_0x600002fa7250 .functor OR 1, L_0x600002fa7100, L_0x600002fa71e0, C4<0>, C4<0>;
v0x6000036aaa30_0 .net *"_ivl_0", 0 0, L_0x600002fa7020;  1 drivers
v0x6000036aaac0_0 .net *"_ivl_4", 0 0, L_0x600002fa7100;  1 drivers
v0x6000036aab50_0 .net *"_ivl_6", 0 0, L_0x600002fa7170;  1 drivers
v0x6000036aabe0_0 .net *"_ivl_8", 0 0, L_0x600002fa71e0;  1 drivers
v0x6000036aac70_0 .net "a", 0 0, L_0x6000035a03c0;  1 drivers
v0x6000036aad00_0 .net "b", 0 0, L_0x6000035a0460;  1 drivers
v0x6000036aad90_0 .net "c", 0 0, L_0x6000035a0500;  1 drivers
v0x6000036aae20_0 .net "cout", 0 0, L_0x600002fa7250;  1 drivers
v0x6000036aaeb0_0 .net "sum", 0 0, L_0x600002fa7090;  1 drivers
S_0x12c8134f0 .scope generate, "for_loop[3]" "for_loop[3]" 3 17, 3 17 0, S_0x12c813c50;
 .timescale -9 -12;
P_0x6000011ad740 .param/l "i" 1 3 17, +C4<011>;
S_0x12c8124f0 .scope module, "my_fa" "fa" 3 18, 4 1 0, S_0x12c8134f0;
 .timescale -9 -12;
    .port_info 0 /INPUT 1 "a";
    .port_info 1 /INPUT 1 "b";
    .port_info 2 /INPUT 1 "c";
    .port_info 3 /OUTPUT 1 "sum";
    .port_info 4 /OUTPUT 1 "cout";
L_0x600002fa72c0 .functor XOR 1, L_0x6000035a05a0, L_0x6000035a0640, C4<0>, C4<0>;
L_0x600002fa7330 .functor XOR 1, L_0x600002fa72c0, L_0x6000035a06e0, C4<0>, C4<0>;
L_0x600002fa73a0 .functor AND 1, L_0x6000035a05a0, L_0x6000035a0640, C4<1>, C4<1>;
L_0x600002fa7410 .functor XOR 1, L_0x6000035a05a0, L_0x6000035a0640, C4<0>, C4<0>;
L_0x600002fa7480 .functor AND 1, L_0x6000035a06e0, L_0x600002fa7410, C4<1>, C4<1>;
L_0x600002fa74f0 .functor OR 1, L_0x600002fa73a0, L_0x600002fa7480, C4<0>, C4<0>;
v0x6000036aaf40_0 .net *"_ivl_0", 0 0, L_0x600002fa72c0;  1 drivers
v0x6000036aafd0_0 .net *"_ivl_4", 0 0, L_0x600002fa73a0;  1 drivers
v0x6000036ab060_0 .net *"_ivl_6", 0 0, L_0x600002fa7410;  1 drivers
v0x6000036ab0f0_0 .net *"_ivl_8", 0 0, L_0x600002fa7480;  1 drivers
v0x6000036ab180_0 .net "a", 0 0, L_0x6000035a05a0;  1 drivers
v0x6000036ab210_0 .net "b", 0 0, L_0x6000035a0640;  1 drivers
v0x6000036ab2a0_0 .net "c", 0 0, L_0x6000035a06e0;  1 drivers
v0x6000036ab330_0 .net "cout", 0 0, L_0x600002fa74f0;  1 drivers
v0x6000036ab3c0_0 .net "sum", 0 0, L_0x600002fa7330;  1 drivers
S_0x12c812660 .scope generate, "for_loop[4]" "for_loop[4]" 3 17, 3 17 0, S_0x12c813c50;
 .timescale -9 -12;
P_0x6000011ad800 .param/l "i" 1 3 17, +C4<0100>;
S_0x12c8127d0 .scope module, "my_fa" "fa" 3 18, 4 1 0, S_0x12c812660;
 .timescale -9 -12;
    .port_info 0 /INPUT 1 "a";
    .port_info 1 /INPUT 1 "b";
    .port_info 2 /INPUT 1 "c";
    .port_info 3 /OUTPUT 1 "sum";
    .port_info 4 /OUTPUT 1 "cout";
L_0x600002fa7560 .functor XOR 1, L_0x6000035a0780, L_0x6000035a0820, C4<0>, C4<0>;
L_0x600002fa75d0 .functor XOR 1, L_0x600002fa7560, L_0x6000035a08c0, C4<0>, C4<0>;
L_0x600002fa7640 .functor AND 1, L_0x6000035a0780, L_0x6000035a0820, C4<1>, C4<1>;
L_0x600002fa76b0 .functor XOR 1, L_0x6000035a0780, L_0x6000035a0820, C4<0>, C4<0>;
L_0x600002fa7720 .functor AND 1, L_0x6000035a08c0, L_0x600002fa76b0, C4<1>, C4<1>;
L_0x600002fa7790 .functor OR 1, L_0x600002fa7640, L_0x600002fa7720, C4<0>, C4<0>;
v0x6000036ab450_0 .net *"_ivl_0", 0 0, L_0x600002fa7560;  1 drivers
v0x6000036ab4e0_0 .net *"_ivl_4", 0 0, L_0x600002fa7640;  1 drivers
v0x6000036ab570_0 .net *"_ivl_6", 0 0, L_0x600002fa76b0;  1 drivers
v0x6000036ab600_0 .net *"_ivl_8", 0 0, L_0x600002fa7720;  1 drivers
v0x6000036ab690_0 .net "a", 0 0, L_0x6000035a0780;  1 drivers
v0x6000036ab720_0 .net "b", 0 0, L_0x6000035a0820;  1 drivers
v0x6000036ab7b0_0 .net "c", 0 0, L_0x6000035a08c0;  1 drivers
v0x6000036ab840_0 .net "cout", 0 0, L_0x600002fa7790;  1 drivers
v0x6000036ab8d0_0 .net "sum", 0 0, L_0x600002fa75d0;  1 drivers
S_0x12c812940 .scope generate, "for_loop[5]" "for_loop[5]" 3 17, 3 17 0, S_0x12c813c50;
 .timescale -9 -12;
P_0x6000011ad880 .param/l "i" 1 3 17, +C4<0101>;
S_0x12c811940 .scope module, "my_fa" "fa" 3 18, 4 1 0, S_0x12c812940;
 .timescale -9 -12;
    .port_info 0 /INPUT 1 "a";
    .port_info 1 /INPUT 1 "b";
    .port_info 2 /INPUT 1 "c";
    .port_info 3 /OUTPUT 1 "sum";
    .port_info 4 /OUTPUT 1 "cout";
L_0x600002fa7800 .functor XOR 1, L_0x6000035a0960, L_0x6000035a0a00, C4<0>, C4<0>;
L_0x600002fa7870 .functor XOR 1, L_0x600002fa7800, L_0x6000035a0aa0, C4<0>, C4<0>;
L_0x600002fa78e0 .functor AND 1, L_0x6000035a0960, L_0x6000035a0a00, C4<1>, C4<1>;
L_0x600002fa7950 .functor XOR 1, L_0x6000035a0960, L_0x6000035a0a00, C4<0>, C4<0>;
L_0x600002fa79c0 .functor AND 1, L_0x6000035a0aa0, L_0x600002fa7950, C4<1>, C4<1>;
L_0x600002fa7a30 .functor OR 1, L_0x600002fa78e0, L_0x600002fa79c0, C4<0>, C4<0>;
v0x6000036ab960_0 .net *"_ivl_0", 0 0, L_0x600002fa7800;  1 drivers
v0x6000036ab9f0_0 .net *"_ivl_4", 0 0, L_0x600002fa78e0;  1 drivers
v0x6000036aba80_0 .net *"_ivl_6", 0 0, L_0x600002fa7950;  1 drivers
v0x6000036abb10_0 .net *"_ivl_8", 0 0, L_0x600002fa79c0;  1 drivers
v0x6000036abba0_0 .net "a", 0 0, L_0x6000035a0960;  1 drivers
v0x6000036abc30_0 .net "b", 0 0, L_0x6000035a0a00;  1 drivers
v0x6000036abcc0_0 .net "c", 0 0, L_0x6000035a0aa0;  1 drivers
v0x6000036abd50_0 .net "cout", 0 0, L_0x600002fa7a30;  1 drivers
v0x6000036abde0_0 .net "sum", 0 0, L_0x600002fa7870;  1 drivers
S_0x12c811ab0 .scope generate, "for_loop[6]" "for_loop[6]" 3 17, 3 17 0, S_0x12c813c50;
 .timescale -9 -12;
P_0x6000011ad900 .param/l "i" 1 3 17, +C4<0110>;
S_0x12c811c20 .scope module, "my_fa" "fa" 3 18, 4 1 0, S_0x12c811ab0;
 .timescale -9 -12;
    .port_info 0 /INPUT 1 "a";
    .port_info 1 /INPUT 1 "b";
    .port_info 2 /INPUT 1 "c";
    .port_info 3 /OUTPUT 1 "sum";
    .port_info 4 /OUTPUT 1 "cout";
L_0x600002fa7aa0 .functor XOR 1, L_0x6000035a0b40, L_0x6000035a0c80, C4<0>, C4<0>;
L_0x600002fa7b10 .functor XOR 1, L_0x600002fa7aa0, L_0x6000035a0d20, C4<0>, C4<0>;
L_0x600002fa7b80 .functor AND 1, L_0x6000035a0b40, L_0x6000035a0c80, C4<1>, C4<1>;
L_0x600002fa7bf0 .functor XOR 1, L_0x6000035a0b40, L_0x6000035a0c80, C4<0>, C4<0>;
L_0x600002fa7c60 .functor AND 1, L_0x6000035a0d20, L_0x600002fa7bf0, C4<1>, C4<1>;
L_0x600002fa7cd0 .functor OR 1, L_0x600002fa7b80, L_0x600002fa7c60, C4<0>, C4<0>;
v0x6000036abe70_0 .net *"_ivl_0", 0 0, L_0x600002fa7aa0;  1 drivers
v0x6000036abf00_0 .net *"_ivl_4", 0 0, L_0x600002fa7b80;  1 drivers
v0x6000036a7d50_0 .net *"_ivl_6", 0 0, L_0x600002fa7bf0;  1 drivers
v0x6000036a7720_0 .net *"_ivl_8", 0 0, L_0x600002fa7c60;  1 drivers
v0x6000036a70f0_0 .net "a", 0 0, L_0x6000035a0b40;  1 drivers
v0x6000036a6ac0_0 .net "b", 0 0, L_0x6000035a0c80;  1 drivers
v0x6000036a6490_0 .net "c", 0 0, L_0x6000035a0d20;  1 drivers
v0x6000036a5e60_0 .net "cout", 0 0, L_0x600002fa7cd0;  1 drivers
v0x6000036a5830_0 .net "sum", 0 0, L_0x600002fa7b10;  1 drivers
S_0x12c811d90 .scope generate, "for_loop[7]" "for_loop[7]" 3 17, 3 17 0, S_0x12c813c50;
 .timescale -9 -12;
P_0x6000011ad980 .param/l "i" 1 3 17, +C4<0111>;
S_0x12c810d90 .scope module, "my_fa" "fa" 3 18, 4 1 0, S_0x12c811d90;
 .timescale -9 -12;
    .port_info 0 /INPUT 1 "a";
    .port_info 1 /INPUT 1 "b";
    .port_info 2 /INPUT 1 "c";
    .port_info 3 /OUTPUT 1 "sum";
    .port_info 4 /OUTPUT 1 "cout";
L_0x600002fa7d40 .functor XOR 1, L_0x6000035a0be0, L_0x6000035a0dc0, C4<0>, C4<0>;
L_0x600002fa7db0 .functor XOR 1, L_0x600002fa7d40, L_0x6000035a0e60, C4<0>, C4<0>;
L_0x600002fa7e20 .functor AND 1, L_0x6000035a0be0, L_0x6000035a0dc0, C4<1>, C4<1>;
L_0x600002fa7e90 .functor XOR 1, L_0x6000035a0be0, L_0x6000035a0dc0, C4<0>, C4<0>;
L_0x600002fa7f00 .functor AND 1, L_0x6000035a0e60, L_0x600002fa7e90, C4<1>, C4<1>;
L_0x600002fa7f70 .functor OR 1, L_0x600002fa7e20, L_0x600002fa7f00, C4<0>, C4<0>;
v0x6000036a5200_0 .net *"_ivl_0", 0 0, L_0x600002fa7d40;  1 drivers
v0x6000036a4bd0_0 .net *"_ivl_4", 0 0, L_0x600002fa7e20;  1 drivers
v0x6000036a45a0_0 .net *"_ivl_6", 0 0, L_0x600002fa7e90;  1 drivers
v0x6000036a7cc0_0 .net *"_ivl_8", 0 0, L_0x600002fa7f00;  1 drivers
v0x6000036a7690_0 .net "a", 0 0, L_0x6000035a0be0;  1 drivers
v0x6000036a7060_0 .net "b", 0 0, L_0x6000035a0dc0;  1 drivers
v0x6000036a6a30_0 .net "c", 0 0, L_0x6000035a0e60;  1 drivers
v0x6000036a6400_0 .net "cout", 0 0, L_0x600002fa7f70;  1 drivers
v0x6000036a5dd0_0 .net "sum", 0 0, L_0x600002fa7db0;  1 drivers
S_0x12c810f00 .scope generate, "for_loop[8]" "for_loop[8]" 3 17, 3 17 0, S_0x12c813c50;
 .timescale -9 -12;
P_0x6000011ad7c0 .param/l "i" 1 3 17, +C4<01000>;
S_0x12c811070 .scope module, "my_fa" "fa" 3 18, 4 1 0, S_0x12c810f00;
 .timescale -9 -12;
    .port_info 0 /INPUT 1 "a";
    .port_info 1 /INPUT 1 "b";
    .port_info 2 /INPUT 1 "c";
    .port_info 3 /OUTPUT 1 "sum";
    .port_info 4 /OUTPUT 1 "cout";
L_0x600002fa8000 .functor XOR 1, L_0x6000035a0f00, L_0x6000035a0fa0, C4<0>, C4<0>;
L_0x600002fa8070 .functor XOR 1, L_0x600002fa8000, L_0x6000035a1040, C4<0>, C4<0>;
L_0x600002fa80e0 .functor AND 1, L_0x6000035a0f00, L_0x6000035a0fa0, C4<1>, C4<1>;
L_0x600002fa8150 .functor XOR 1, L_0x6000035a0f00, L_0x6000035a0fa0, C4<0>, C4<0>;
L_0x600002fa81c0 .functor AND 1, L_0x6000035a1040, L_0x600002fa8150, C4<1>, C4<1>;
L_0x600002fa8230 .functor OR 1, L_0x600002fa80e0, L_0x600002fa81c0, C4<0>, C4<0>;
v0x6000036a57a0_0 .net *"_ivl_0", 0 0, L_0x600002fa8000;  1 drivers
v0x6000036a5170_0 .net *"_ivl_4", 0 0, L_0x600002fa80e0;  1 drivers
v0x6000036a4b40_0 .net *"_ivl_6", 0 0, L_0x600002fa8150;  1 drivers
v0x6000036a4510_0 .net *"_ivl_8", 0 0, L_0x600002fa81c0;  1 drivers
v0x6000036ac000_0 .net "a", 0 0, L_0x6000035a0f00;  1 drivers
v0x6000036ac090_0 .net "b", 0 0, L_0x6000035a0fa0;  1 drivers
v0x6000036ac120_0 .net "c", 0 0, L_0x6000035a1040;  1 drivers
v0x6000036ac1b0_0 .net "cout", 0 0, L_0x600002fa8230;  1 drivers
v0x6000036ac240_0 .net "sum", 0 0, L_0x600002fa8070;  1 drivers
S_0x12c8111e0 .scope generate, "for_loop[9]" "for_loop[9]" 3 17, 3 17 0, S_0x12c813c50;
 .timescale -9 -12;
P_0x6000011ada40 .param/l "i" 1 3 17, +C4<01001>;
S_0x12c8101e0 .scope module, "my_fa" "fa" 3 18, 4 1 0, S_0x12c8111e0;
 .timescale -9 -12;
    .port_info 0 /INPUT 1 "a";
    .port_info 1 /INPUT 1 "b";
    .port_info 2 /INPUT 1 "c";
    .port_info 3 /OUTPUT 1 "sum";
    .port_info 4 /OUTPUT 1 "cout";
L_0x600002fa82a0 .functor XOR 1, L_0x6000035a10e0, L_0x6000035a1180, C4<0>, C4<0>;
L_0x600002fa8310 .functor XOR 1, L_0x600002fa82a0, L_0x6000035a1220, C4<0>, C4<0>;
L_0x600002fa8380 .functor AND 1, L_0x6000035a10e0, L_0x6000035a1180, C4<1>, C4<1>;
L_0x600002fa83f0 .functor XOR 1, L_0x6000035a10e0, L_0x6000035a1180, C4<0>, C4<0>;
L_0x600002fa8460 .functor AND 1, L_0x6000035a1220, L_0x600002fa83f0, C4<1>, C4<1>;
L_0x600002fa84d0 .functor OR 1, L_0x600002fa8380, L_0x600002fa8460, C4<0>, C4<0>;
v0x6000036ac2d0_0 .net *"_ivl_0", 0 0, L_0x600002fa82a0;  1 drivers
v0x6000036ac360_0 .net *"_ivl_4", 0 0, L_0x600002fa8380;  1 drivers
v0x6000036ac3f0_0 .net *"_ivl_6", 0 0, L_0x600002fa83f0;  1 drivers
v0x6000036ac480_0 .net *"_ivl_8", 0 0, L_0x600002fa8460;  1 drivers
v0x6000036ac510_0 .net "a", 0 0, L_0x6000035a10e0;  1 drivers
v0x6000036ac5a0_0 .net "b", 0 0, L_0x6000035a1180;  1 drivers
v0x6000036ac630_0 .net "c", 0 0, L_0x6000035a1220;  1 drivers
v0x6000036ac6c0_0 .net "cout", 0 0, L_0x600002fa84d0;  1 drivers
v0x6000036ac750_0 .net "sum", 0 0, L_0x600002fa8310;  1 drivers
S_0x12c810350 .scope generate, "for_loop[10]" "for_loop[10]" 3 17, 3 17 0, S_0x12c813c50;
 .timescale -9 -12;
P_0x6000011adac0 .param/l "i" 1 3 17, +C4<01010>;
S_0x12c8104c0 .scope module, "my_fa" "fa" 3 18, 4 1 0, S_0x12c810350;
 .timescale -9 -12;
    .port_info 0 /INPUT 1 "a";
    .port_info 1 /INPUT 1 "b";
    .port_info 2 /INPUT 1 "c";
    .port_info 3 /OUTPUT 1 "sum";
    .port_info 4 /OUTPUT 1 "cout";
L_0x600002fa8540 .functor XOR 1, L_0x6000035a12c0, L_0x6000035a1360, C4<0>, C4<0>;
L_0x600002fa85b0 .functor XOR 1, L_0x600002fa8540, L_0x6000035a1400, C4<0>, C4<0>;
L_0x600002fa8620 .functor AND 1, L_0x6000035a12c0, L_0x6000035a1360, C4<1>, C4<1>;
L_0x600002fa8690 .functor XOR 1, L_0x6000035a12c0, L_0x6000035a1360, C4<0>, C4<0>;
L_0x600002fa8700 .functor AND 1, L_0x6000035a1400, L_0x600002fa8690, C4<1>, C4<1>;
L_0x600002fa8770 .functor OR 1, L_0x600002fa8620, L_0x600002fa8700, C4<0>, C4<0>;
v0x6000036ac7e0_0 .net *"_ivl_0", 0 0, L_0x600002fa8540;  1 drivers
v0x6000036ac870_0 .net *"_ivl_4", 0 0, L_0x600002fa8620;  1 drivers
v0x6000036ac900_0 .net *"_ivl_6", 0 0, L_0x600002fa8690;  1 drivers
v0x6000036ac990_0 .net *"_ivl_8", 0 0, L_0x600002fa8700;  1 drivers
v0x6000036aca20_0 .net "a", 0 0, L_0x6000035a12c0;  1 drivers
v0x6000036acab0_0 .net "b", 0 0, L_0x6000035a1360;  1 drivers
v0x6000036acb40_0 .net "c", 0 0, L_0x6000035a1400;  1 drivers
v0x6000036acbd0_0 .net "cout", 0 0, L_0x600002fa8770;  1 drivers
v0x6000036acc60_0 .net "sum", 0 0, L_0x600002fa85b0;  1 drivers
S_0x12c810630 .scope generate, "for_loop[11]" "for_loop[11]" 3 17, 3 17 0, S_0x12c813c50;
 .timescale -9 -12;
P_0x6000011adb40 .param/l "i" 1 3 17, +C4<01011>;
S_0x12c80f630 .scope module, "my_fa" "fa" 3 18, 4 1 0, S_0x12c810630;
 .timescale -9 -12;
    .port_info 0 /INPUT 1 "a";
    .port_info 1 /INPUT 1 "b";
    .port_info 2 /INPUT 1 "c";
    .port_info 3 /OUTPUT 1 "sum";
    .port_info 4 /OUTPUT 1 "cout";
L_0x600002fa87e0 .functor XOR 1, L_0x6000035a14a0, L_0x6000035a1540, C4<0>, C4<0>;
L_0x600002fa8850 .functor XOR 1, L_0x600002fa87e0, L_0x6000035a15e0, C4<0>, C4<0>;
L_0x600002fa88c0 .functor AND 1, L_0x6000035a14a0, L_0x6000035a1540, C4<1>, C4<1>;
L_0x600002fa8930 .functor XOR 1, L_0x6000035a14a0, L_0x6000035a1540, C4<0>, C4<0>;
L_0x600002fa89a0 .functor AND 1, L_0x6000035a15e0, L_0x600002fa8930, C4<1>, C4<1>;
L_0x600002fa8a10 .functor OR 1, L_0x600002fa88c0, L_0x600002fa89a0, C4<0>, C4<0>;
v0x6000036accf0_0 .net *"_ivl_0", 0 0, L_0x600002fa87e0;  1 drivers
v0x6000036acd80_0 .net *"_ivl_4", 0 0, L_0x600002fa88c0;  1 drivers
v0x6000036ace10_0 .net *"_ivl_6", 0 0, L_0x600002fa8930;  1 drivers
v0x6000036acea0_0 .net *"_ivl_8", 0 0, L_0x600002fa89a0;  1 drivers
v0x6000036acf30_0 .net "a", 0 0, L_0x6000035a14a0;  1 drivers
v0x6000036acfc0_0 .net "b", 0 0, L_0x6000035a1540;  1 drivers
v0x6000036ad050_0 .net "c", 0 0, L_0x6000035a15e0;  1 drivers
v0x6000036ad0e0_0 .net "cout", 0 0, L_0x600002fa8a10;  1 drivers
v0x6000036ad170_0 .net "sum", 0 0, L_0x600002fa8850;  1 drivers
S_0x12c80f7a0 .scope generate, "for_loop[12]" "for_loop[12]" 3 17, 3 17 0, S_0x12c813c50;
 .timescale -9 -12;
P_0x6000011adbc0 .param/l "i" 1 3 17, +C4<01100>;
S_0x12c80f910 .scope module, "my_fa" "fa" 3 18, 4 1 0, S_0x12c80f7a0;
 .timescale -9 -12;
    .port_info 0 /INPUT 1 "a";
    .port_info 1 /INPUT 1 "b";
    .port_info 2 /INPUT 1 "c";
    .port_info 3 /OUTPUT 1 "sum";
    .port_info 4 /OUTPUT 1 "cout";
L_0x600002fa8a80 .functor XOR 1, L_0x6000035a1680, L_0x6000035a1720, C4<0>, C4<0>;
L_0x600002fa8af0 .functor XOR 1, L_0x600002fa8a80, L_0x6000035a17c0, C4<0>, C4<0>;
L_0x600002fa8b60 .functor AND 1, L_0x6000035a1680, L_0x6000035a1720, C4<1>, C4<1>;
L_0x600002fa8bd0 .functor XOR 1, L_0x6000035a1680, L_0x6000035a1720, C4<0>, C4<0>;
L_0x600002fa8c40 .functor AND 1, L_0x6000035a17c0, L_0x600002fa8bd0, C4<1>, C4<1>;
L_0x600002fa8cb0 .functor OR 1, L_0x600002fa8b60, L_0x600002fa8c40, C4<0>, C4<0>;
v0x6000036ad200_0 .net *"_ivl_0", 0 0, L_0x600002fa8a80;  1 drivers
v0x6000036ad290_0 .net *"_ivl_4", 0 0, L_0x600002fa8b60;  1 drivers
v0x6000036ad320_0 .net *"_ivl_6", 0 0, L_0x600002fa8bd0;  1 drivers
v0x6000036ad3b0_0 .net *"_ivl_8", 0 0, L_0x600002fa8c40;  1 drivers
v0x6000036ad440_0 .net "a", 0 0, L_0x6000035a1680;  1 drivers
v0x6000036ad4d0_0 .net "b", 0 0, L_0x6000035a1720;  1 drivers
v0x6000036ad560_0 .net "c", 0 0, L_0x6000035a17c0;  1 drivers
v0x6000036ad5f0_0 .net "cout", 0 0, L_0x600002fa8cb0;  1 drivers
v0x6000036ad680_0 .net "sum", 0 0, L_0x600002fa8af0;  1 drivers
S_0x12c80fa80 .scope generate, "for_loop[13]" "for_loop[13]" 3 17, 3 17 0, S_0x12c813c50;
 .timescale -9 -12;
P_0x6000011adc40 .param/l "i" 1 3 17, +C4<01101>;
S_0x12c80a460 .scope module, "my_fa" "fa" 3 18, 4 1 0, S_0x12c80fa80;
 .timescale -9 -12;
    .port_info 0 /INPUT 1 "a";
    .port_info 1 /INPUT 1 "b";
    .port_info 2 /INPUT 1 "c";
    .port_info 3 /OUTPUT 1 "sum";
    .port_info 4 /OUTPUT 1 "cout";
L_0x600002fa8d20 .functor XOR 1, L_0x6000035a1860, L_0x6000035a1900, C4<0>, C4<0>;
L_0x600002fa8d90 .functor XOR 1, L_0x600002fa8d20, L_0x6000035a19a0, C4<0>, C4<0>;
L_0x600002fa8e00 .functor AND 1, L_0x6000035a1860, L_0x6000035a1900, C4<1>, C4<1>;
L_0x600002fa8e70 .functor XOR 1, L_0x6000035a1860, L_0x6000035a1900, C4<0>, C4<0>;
L_0x600002fa8ee0 .functor AND 1, L_0x6000035a19a0, L_0x600002fa8e70, C4<1>, C4<1>;
L_0x600002fa8f50 .functor OR 1, L_0x600002fa8e00, L_0x600002fa8ee0, C4<0>, C4<0>;
v0x6000036ad710_0 .net *"_ivl_0", 0 0, L_0x600002fa8d20;  1 drivers
v0x6000036ad7a0_0 .net *"_ivl_4", 0 0, L_0x600002fa8e00;  1 drivers
v0x6000036ad830_0 .net *"_ivl_6", 0 0, L_0x600002fa8e70;  1 drivers
v0x6000036ad8c0_0 .net *"_ivl_8", 0 0, L_0x600002fa8ee0;  1 drivers
v0x6000036ad950_0 .net "a", 0 0, L_0x6000035a1860;  1 drivers
v0x6000036ad9e0_0 .net "b", 0 0, L_0x6000035a1900;  1 drivers
v0x6000036ada70_0 .net "c", 0 0, L_0x6000035a19a0;  1 drivers
v0x6000036adb00_0 .net "cout", 0 0, L_0x600002fa8f50;  1 drivers
v0x6000036adb90_0 .net "sum", 0 0, L_0x600002fa8d90;  1 drivers
S_0x12c80a5d0 .scope generate, "for_loop[14]" "for_loop[14]" 3 17, 3 17 0, S_0x12c813c50;
 .timescale -9 -12;
P_0x6000011adcc0 .param/l "i" 1 3 17, +C4<01110>;
S_0x12c80a740 .scope module, "my_fa" "fa" 3 18, 4 1 0, S_0x12c80a5d0;
 .timescale -9 -12;
    .port_info 0 /INPUT 1 "a";
    .port_info 1 /INPUT 1 "b";
    .port_info 2 /INPUT 1 "c";
    .port_info 3 /OUTPUT 1 "sum";
    .port_info 4 /OUTPUT 1 "cout";
L_0x600002fa8fc0 .functor XOR 1, L_0x6000035a1a40, L_0x6000035a1ae0, C4<0>, C4<0>;
L_0x600002fa9030 .functor XOR 1, L_0x600002fa8fc0, L_0x6000035a1b80, C4<0>, C4<0>;
L_0x600002fa90a0 .functor AND 1, L_0x6000035a1a40, L_0x6000035a1ae0, C4<1>, C4<1>;
L_0x600002fa9110 .functor XOR 1, L_0x6000035a1a40, L_0x6000035a1ae0, C4<0>, C4<0>;
L_0x600002fa9180 .functor AND 1, L_0x6000035a1b80, L_0x600002fa9110, C4<1>, C4<1>;
L_0x600002fa91f0 .functor OR 1, L_0x600002fa90a0, L_0x600002fa9180, C4<0>, C4<0>;
v0x6000036adc20_0 .net *"_ivl_0", 0 0, L_0x600002fa8fc0;  1 drivers
v0x6000036adcb0_0 .net *"_ivl_4", 0 0, L_0x600002fa90a0;  1 drivers
v0x6000036add40_0 .net *"_ivl_6", 0 0, L_0x600002fa9110;  1 drivers
v0x6000036addd0_0 .net *"_ivl_8", 0 0, L_0x600002fa9180;  1 drivers
v0x6000036ade60_0 .net "a", 0 0, L_0x6000035a1a40;  1 drivers
v0x6000036adef0_0 .net "b", 0 0, L_0x6000035a1ae0;  1 drivers
v0x6000036adf80_0 .net "c", 0 0, L_0x6000035a1b80;  1 drivers
v0x6000036ae010_0 .net "cout", 0 0, L_0x600002fa91f0;  1 drivers
v0x6000036ae0a0_0 .net "sum", 0 0, L_0x600002fa9030;  1 drivers
S_0x12c80a8b0 .scope generate, "for_loop[15]" "for_loop[15]" 3 17, 3 17 0, S_0x12c813c50;
 .timescale -9 -12;
P_0x6000011add40 .param/l "i" 1 3 17, +C4<01111>;
S_0x12c80ea80 .scope module, "my_fa" "fa" 3 18, 4 1 0, S_0x12c80a8b0;
 .timescale -9 -12;
    .port_info 0 /INPUT 1 "a";
    .port_info 1 /INPUT 1 "b";
    .port_info 2 /INPUT 1 "c";
    .port_info 3 /OUTPUT 1 "sum";
    .port_info 4 /OUTPUT 1 "cout";
L_0x600002fa9260 .functor XOR 1, L_0x6000035a1c20, L_0x6000035a1cc0, C4<0>, C4<0>;
L_0x600002fa92d0 .functor XOR 1, L_0x600002fa9260, L_0x6000035a1d60, C4<0>, C4<0>;
L_0x600002fa9340 .functor AND 1, L_0x6000035a1c20, L_0x6000035a1cc0, C4<1>, C4<1>;
L_0x600002fa93b0 .functor XOR 1, L_0x6000035a1c20, L_0x6000035a1cc0, C4<0>, C4<0>;
L_0x600002fa9420 .functor AND 1, L_0x6000035a1d60, L_0x600002fa93b0, C4<1>, C4<1>;
L_0x600002fa9490 .functor OR 1, L_0x600002fa9340, L_0x600002fa9420, C4<0>, C4<0>;
v0x6000036ae130_0 .net *"_ivl_0", 0 0, L_0x600002fa9260;  1 drivers
v0x6000036ae1c0_0 .net *"_ivl_4", 0 0, L_0x600002fa9340;  1 drivers
v0x6000036ae250_0 .net *"_ivl_6", 0 0, L_0x600002fa93b0;  1 drivers
v0x6000036ae2e0_0 .net *"_ivl_8", 0 0, L_0x600002fa9420;  1 drivers
v0x6000036ae370_0 .net "a", 0 0, L_0x6000035a1c20;  1 drivers
v0x6000036ae400_0 .net "b", 0 0, L_0x6000035a1cc0;  1 drivers
v0x6000036ae490_0 .net "c", 0 0, L_0x6000035a1d60;  1 drivers
v0x6000036ae520_0 .net "cout", 0 0, L_0x600002fa9490;  1 drivers
v0x6000036ae5b0_0 .net "sum", 0 0, L_0x600002fa92d0;  1 drivers
    .scope S_0x12c8162e0;
T_0 ;
    %vpi_call 2 19 "$dumpfile", "sim.vcd" {0 0 0};
    %vpi_call 2 20 "$dumpvars", 32'sb00000000000000000000000000000000, S_0x12c8162e0 {0 0 0};
    %pushi/vec4 0, 0, 1;
    %store/vec4 v0x6000036aec70_0, 0, 1;
    %pushi/vec4 0, 0, 32;
    %store/vec4 v0x6000036aed90_0, 0, 32;
T_0.0 ;
    %load/vec4 v0x6000036aed90_0;
    %cmpi/s 5, 0, 32;
    %jmp/0xz T_0.1, 5;
    %vpi_func 2 23 "$urandom_range" 32, 32'sb00000000000000000000000001100100, 32'sb00000000000000000000001111101000 {0 0 0};
    %pad/u 16;
    %store/vec4 v0x6000036aeb50_0, 0, 16;
    %vpi_func 2 24 "$urandom_range" 32, 32'sb00000000000000000000000001100100, 32'sb00000000000000000000001111101000 {0 0 0};
    %pad/u 16;
    %store/vec4 v0x6000036aebe0_0, 0, 16;
    %delay 10000, 0;
    %vpi_call 2 26 "$display", "time = %0t | %d + %d = %d | cout = %b", $time, v0x6000036aeb50_0, v0x6000036aebe0_0, v0x6000036aee20_0, v0x6000036aed00_0 {0 0 0};
    %load/vec4 v0x6000036aed90_0;
    %addi 1, 0, 32;
    %store/vec4 v0x6000036aed90_0, 0, 32;
    %jmp T_0.0;
T_0.1 ;
    %pushi/vec4 1, 0, 1;
    %store/vec4 v0x6000036aec70_0, 0, 1;
    %pushi/vec4 0, 0, 32;
    %store/vec4 v0x6000036aed90_0, 0, 32;
T_0.2 ;
    %load/vec4 v0x6000036aed90_0;
    %cmpi/s 5, 0, 32;
    %jmp/0xz T_0.3, 5;
    %vpi_func 2 31 "$urandom_range" 32, 32'sb00000000000000000000000001100100, 32'sb00000000000000000000001111101000 {0 0 0};
    %pad/u 16;
    %store/vec4 v0x6000036aeb50_0, 0, 16;
    %vpi_func 2 32 "$urandom_range" 32, 32'sb00000000000000000000000001100100, 32'sb00000000000000000000001111101000 {0 0 0};
    %pad/u 16;
    %store/vec4 v0x6000036aebe0_0, 0, 16;
    %delay 10000, 0;
    %vpi_call 2 34 "$display", "time = %0t | %d - %d = %d | cout = %b", $time, v0x6000036aeb50_0, v0x6000036aebe0_0, v0x6000036aee20_0, v0x6000036aed00_0 {0 0 0};
    %load/vec4 v0x6000036aed90_0;
    %addi 1, 0, 32;
    %store/vec4 v0x6000036aed90_0, 0, 32;
    %jmp T_0.2;
T_0.3 ;
    %vpi_call 2 36 "$finish" {0 0 0};
    %end;
    .thread T_0;
# The file index is used to find the file name in the following table.
:file_names 5;
    "N/A";
    "<interactive>";
    "pm_para_as_tb.v";
    "pm_para_as.v";
    "fa.v";
